// Jest Snapshot v1, https://goo.gl/fbAQLP

exports[`Snapshot Should take a snapshot of Temperature component 1`] = `
<Fragment>
  <styled.label
    htmlFor="controlTitle"
  >
    Temperature
  </styled.label>
  <styled.div>
    <styled.div>
      <styled.input
        checked={true}
        data-testid="celsuis"
        id="celcuis"
        name="temperature"
        onChange={[Function]}
        type="radio"
        value="C"
      />
      <p>
        <sup>
          o
        </sup>
        C
      </p>
    </styled.div>
    <styled.div>
      <styled.input
        checked={false}
        data-testid="fahrenhiet"
        id="fahrenhiet"
        name="temperature"
        onChange={[Function]}
        type="radio"
        value="F"
      />
      <p>
        F
      </p>
    </styled.div>
  </styled.div>
</Fragment>
`;
