// Jest Snapshot v1, https://goo.gl/fbAQLP

exports[`Snapshot Should take a snapshot of Title component 1`] = `
<Fragment>
  <styled.div>
    <styled.label
      htmlFor="controlTitle"
    >
      Title
    </styled.label>
    <styled.input
      id="controlTitle"
      onChange={[Function]}
      placeholder="Write Widget Title Here"
      type="text"
      value=""
    />
  </styled.div>
</Fragment>
`;
