// Jest Snapshot v1, https://goo.gl/fbAQLP

exports[`Snapshot Should take a snapshot of Wind component 1`] = `
<Fragment>
  <styled.label
    htmlFor="controlTitle"
  >
    Wind
  </styled.label>
  <styled.div>
    <styled.div>
      <styled.input
        checked={true}
        id="on"
        name="wind"
        onChange={[Function]}
        type="radio"
        value="on"
      />
       
      <p>
        On
      </p>
    </styled.div>
    <styled.div>
      <styled.input
        checked={false}
        id="off"
        name="wind"
        onChange={[Function]}
        type="radio"
        value="off"
      />
      <p>
        Off
      </p>
    </styled.div>
  </styled.div>
</Fragment>
`;
